PS C:\Users\takat> mkdir git_challenge


    ディレクトリ: C:\Users\takat


Mode                 LastWriteTime         Length Name                                                                                                            
----                 -------------         ------ ----                                                                                                            
d-----        2026/04/06     19:51                git_challenge                                                                                                   


PS C:\Users\takat> cd git_challenge
PS C:\Users\takat\git_challenge> git init
Initialized empty Git repository in C:/Users/takat/git_challenge/.git/
PS C:\Users\takat\git_challenge> echo "hello, world!" > hello_world.txt
PS C:\Users\takat\git_challenge> git add hello_world.txt
PS C:\Users\takat\git_challenge> git commit -m "hello_world.txtを追記"
[main (root-commit) f983aa3] hello_world.txtを追記
 1 file changed, 1 insertion(+)
 create mode 100644 hello_world.txt
PS C:\Users\takat\git_challenge> echo "こんにちは、世界！" >> hello_world.txt
PS C:\Users\takat\git_challenge> git add hello_world.txt
PS C:\Users\takat\git_challenge> git commit -m "日本語訳を追記"
[main 3306076] 日本語訳を追記
 1 file changed, 2 insertions(+), 1 deletion(-)
PS C:\Users\takat\git_challenge> git log --oneline
3306076 (HEAD -> main) 日本語訳を追記
f983aa3 hello_world.txtを追記
PS C:\Users\takat\git_challenge> 
